Archive member included to satisfy reference by file (symbol)

/usr/lib/gcc/avr/4.9.2/avr4/libgcc.a(_exit.o)
                              /usr/lib/gcc/avr/4.9.2/../../../avr/lib/avr4/crtatmega88pa.o (exit)
/usr/lib/gcc/avr/4.9.2/../../../avr/lib/avr4/libm.a(addsf3.o)
                              ./src/nRF24L01.o (__addsf3)
/usr/lib/gcc/avr/4.9.2/../../../avr/lib/avr4/libm.a(addsf3x.o)
                              /usr/lib/gcc/avr/4.9.2/../../../avr/lib/avr4/libm.a(addsf3.o) (__addsf3x)
/usr/lib/gcc/avr/4.9.2/../../../avr/lib/avr4/libm.a(cmpsf2.o)
                              ./src/nRF24L01.o (__ltsf2)
/usr/lib/gcc/avr/4.9.2/../../../avr/lib/avr4/libm.a(divsf3.o)
                              ./src/nRF24L01.o (__divsf3)
/usr/lib/gcc/avr/4.9.2/../../../avr/lib/avr4/libm.a(divsf3x.o)
                              /usr/lib/gcc/avr/4.9.2/../../../avr/lib/avr4/libm.a(divsf3.o) (__divsf3x)
/usr/lib/gcc/avr/4.9.2/../../../avr/lib/avr4/libm.a(fixunssfsi.o)
                              ./src/nRF24L01.o (__fixunssfsi)
/usr/lib/gcc/avr/4.9.2/../../../avr/lib/avr4/libm.a(fp_cmp.o)
                              /usr/lib/gcc/avr/4.9.2/../../../avr/lib/avr4/libm.a(cmpsf2.o) (__fp_cmp)
/usr/lib/gcc/avr/4.9.2/../../../avr/lib/avr4/libm.a(fp_inf.o)
                              /usr/lib/gcc/avr/4.9.2/../../../avr/lib/avr4/libm.a(addsf3x.o) (__fp_inf)
/usr/lib/gcc/avr/4.9.2/../../../avr/lib/avr4/libm.a(fp_nan.o)
                              /usr/lib/gcc/avr/4.9.2/../../../avr/lib/avr4/libm.a(addsf3x.o) (__fp_nan)
/usr/lib/gcc/avr/4.9.2/../../../avr/lib/avr4/libm.a(fp_pscA.o)
                              /usr/lib/gcc/avr/4.9.2/../../../avr/lib/avr4/libm.a(addsf3x.o) (__fp_pscA)
/usr/lib/gcc/avr/4.9.2/../../../avr/lib/avr4/libm.a(fp_pscB.o)
                              /usr/lib/gcc/avr/4.9.2/../../../avr/lib/avr4/libm.a(addsf3x.o) (__fp_pscB)
/usr/lib/gcc/avr/4.9.2/../../../avr/lib/avr4/libm.a(fp_round.o)
                              /usr/lib/gcc/avr/4.9.2/../../../avr/lib/avr4/libm.a(addsf3.o) (__fp_round)
/usr/lib/gcc/avr/4.9.2/../../../avr/lib/avr4/libm.a(fp_split3.o)
                              /usr/lib/gcc/avr/4.9.2/../../../avr/lib/avr4/libm.a(addsf3x.o) (__fp_split3)
/usr/lib/gcc/avr/4.9.2/../../../avr/lib/avr4/libm.a(fp_zero.o)
                              /usr/lib/gcc/avr/4.9.2/../../../avr/lib/avr4/libm.a(addsf3x.o) (__fp_zero)
/usr/lib/gcc/avr/4.9.2/../../../avr/lib/avr4/libm.a(gesf2.o)
                              ./src/nRF24L01.o (__gtsf2)
/usr/lib/gcc/avr/4.9.2/../../../avr/lib/avr4/libm.a(mulsf3.o)
                              ./src/nRF24L01.o (__mulsf3)
/usr/lib/gcc/avr/4.9.2/../../../avr/lib/avr4/libm.a(mulsf3x.o)
                              /usr/lib/gcc/avr/4.9.2/../../../avr/lib/avr4/libm.a(mulsf3.o) (__mulsf3x)

Memory Configuration

Name             Origin             Length             Attributes
text             0x0000000000000000 0x0000000000002000 xr
data             0x0000000000800060 0x000000000000ffa0 rw !x
eeprom           0x0000000000810000 0x0000000000010000 rw !x
fuse             0x0000000000820000 0x0000000000000400 rw !x
lock             0x0000000000830000 0x0000000000000400 rw !x
signature        0x0000000000840000 0x0000000000000400 rw !x
user_signatures  0x0000000000850000 0x0000000000000400 rw !x
*default*        0x0000000000000000 0xffffffffffffffff

Linker script and memory map

Address of section .data set to 0x800100
LOAD /usr/lib/gcc/avr/4.9.2/../../../avr/lib/avr4/crtatmega88pa.o
LOAD ./src/main.o
LOAD ./src/nRF24L01.o
LOAD ./src/spi.o
LOAD ./src/uart.o
START GROUP
LOAD /usr/lib/gcc/avr/4.9.2/avr4/libgcc.a
LOAD /usr/lib/gcc/avr/4.9.2/../../../avr/lib/avr4/libm.a
LOAD /usr/lib/gcc/avr/4.9.2/../../../avr/lib/avr4/libc.a
LOAD /usr/lib/gcc/avr/4.9.2/../../../avr/lib/avr4/libatmega88pa.a
END GROUP

.hash
 *(.hash)

.dynsym
 *(.dynsym)

.dynstr
 *(.dynstr)

.gnu.version
 *(.gnu.version)

.gnu.version_d
 *(.gnu.version_d)

.gnu.version_r
 *(.gnu.version_r)

.rel.init
 *(.rel.init)

.rela.init
 *(.rela.init)

.rel.text
 *(.rel.text)
 *(.rel.text.*)
 *(.rel.gnu.linkonce.t*)

.rela.text
 *(.rela.text)
 *(.rela.text.*)
 *(.rela.gnu.linkonce.t*)

.rel.fini
 *(.rel.fini)

.rela.fini
 *(.rela.fini)

.rel.rodata
 *(.rel.rodata)
 *(.rel.rodata.*)
 *(.rel.gnu.linkonce.r*)

.rela.rodata
 *(.rela.rodata)
 *(.rela.rodata.*)
 *(.rela.gnu.linkonce.r*)

.rel.data
 *(.rel.data)
 *(.rel.data.*)
 *(.rel.gnu.linkonce.d*)

.rela.data
 *(.rela.data)
 *(.rela.data.*)
 *(.rela.gnu.linkonce.d*)

.rel.ctors
 *(.rel.ctors)

.rela.ctors
 *(.rela.ctors)

.rel.dtors
 *(.rel.dtors)

.rela.dtors
 *(.rela.dtors)

.rel.got
 *(.rel.got)

.rela.got
 *(.rela.got)

.rel.bss
 *(.rel.bss)

.rela.bss
 *(.rela.bss)

.rel.plt
 *(.rel.plt)

.rela.plt
 *(.rela.plt)

.text           0x0000000000000000     0x1044
 *(.vectors)
 .vectors       0x0000000000000000       0x34 /usr/lib/gcc/avr/4.9.2/../../../avr/lib/avr4/crtatmega88pa.o
                0x0000000000000000                __vectors
                0x0000000000000000                __vector_default
 *(.vectors)
 *(.progmem.gcc*)
                0x0000000000000034                . = ALIGN (0x2)
                0x0000000000000034                __trampolines_start = .
 *(.trampolines)
 .trampolines   0x0000000000000034        0x0 linker stubs
 *(.trampolines*)
                0x0000000000000034                __trampolines_end = .
 *(.progmem*)
                0x0000000000000034                . = ALIGN (0x2)
 *(.jumptables)
 *(.jumptables*)
 *(.lowtext)
 *(.lowtext*)
                0x0000000000000034                __ctors_start = .
 *(.ctors)
                0x0000000000000034                __ctors_end = .
                0x0000000000000034                __dtors_start = .
 *(.dtors)
                0x0000000000000034                __dtors_end = .
 SORT(*)(.ctors)
 SORT(*)(.dtors)
 *(.init0)
 .init0         0x0000000000000034        0x0 /usr/lib/gcc/avr/4.9.2/../../../avr/lib/avr4/crtatmega88pa.o
                0x0000000000000034                __init
 *(.init0)
 *(.init1)
 *(.init1)
 *(.init2)
 .init2         0x0000000000000034        0xc /usr/lib/gcc/avr/4.9.2/../../../avr/lib/avr4/crtatmega88pa.o
 *(.init2)
 *(.init3)
 *(.init3)
 *(.init4)
 *(.init4)
 *(.init5)
 *(.init5)
 *(.init6)
 *(.init6)
 *(.init7)
 *(.init7)
 *(.init8)
 *(.init8)
 *(.init9)
 .init9         0x0000000000000040        0x4 /usr/lib/gcc/avr/4.9.2/../../../avr/lib/avr4/crtatmega88pa.o
 *(.init9)
 *(.text)
 .text          0x0000000000000044        0x2 /usr/lib/gcc/avr/4.9.2/../../../avr/lib/avr4/crtatmega88pa.o
                0x0000000000000044                __vector_22
                0x0000000000000044                __vector_1
                0x0000000000000044                __vector_24
                0x0000000000000044                __vector_12
                0x0000000000000044                __bad_interrupt
                0x0000000000000044                __vector_6
                0x0000000000000044                __vector_3
                0x0000000000000044                __vector_23
                0x0000000000000044                __vector_25
                0x0000000000000044                __vector_11
                0x0000000000000044                __vector_13
                0x0000000000000044                __vector_17
                0x0000000000000044                __vector_19
                0x0000000000000044                __vector_7
                0x0000000000000044                __vector_5
                0x0000000000000044                __vector_4
                0x0000000000000044                __vector_9
                0x0000000000000044                __vector_2
                0x0000000000000044                __vector_21
                0x0000000000000044                __vector_15
                0x0000000000000044                __vector_8
                0x0000000000000044                __vector_14
                0x0000000000000044                __vector_10
                0x0000000000000044                __vector_16
                0x0000000000000044                __vector_18
                0x0000000000000044                __vector_20
 .text          0x0000000000000046        0x0 ./src/main.o
 .text          0x0000000000000046        0x0 ./src/nRF24L01.o
 .text          0x0000000000000046        0x0 ./src/spi.o
 .text          0x0000000000000046        0x0 ./src/uart.o
 .text          0x0000000000000046        0x0 /usr/lib/gcc/avr/4.9.2/avr4/libgcc.a(_exit.o)
 .text          0x0000000000000046        0x0 /usr/lib/gcc/avr/4.9.2/../../../avr/lib/avr4/libm.a(addsf3.o)
 .text          0x0000000000000046        0x0 /usr/lib/gcc/avr/4.9.2/../../../avr/lib/avr4/libm.a(addsf3x.o)
 .text          0x0000000000000046        0x0 /usr/lib/gcc/avr/4.9.2/../../../avr/lib/avr4/libm.a(cmpsf2.o)
 .text          0x0000000000000046        0x0 /usr/lib/gcc/avr/4.9.2/../../../avr/lib/avr4/libm.a(divsf3.o)
 .text          0x0000000000000046        0x0 /usr/lib/gcc/avr/4.9.2/../../../avr/lib/avr4/libm.a(divsf3x.o)
 .text          0x0000000000000046        0x0 /usr/lib/gcc/avr/4.9.2/../../../avr/lib/avr4/libm.a(fixunssfsi.o)
 .text          0x0000000000000046        0x0 /usr/lib/gcc/avr/4.9.2/../../../avr/lib/avr4/libm.a(fp_cmp.o)
 .text          0x0000000000000046        0x0 /usr/lib/gcc/avr/4.9.2/../../../avr/lib/avr4/libm.a(fp_inf.o)
 .text          0x0000000000000046        0x0 /usr/lib/gcc/avr/4.9.2/../../../avr/lib/avr4/libm.a(fp_nan.o)
 .text          0x0000000000000046        0x0 /usr/lib/gcc/avr/4.9.2/../../../avr/lib/avr4/libm.a(fp_pscA.o)
 .text          0x0000000000000046        0x0 /usr/lib/gcc/avr/4.9.2/../../../avr/lib/avr4/libm.a(fp_pscB.o)
 .text          0x0000000000000046        0x0 /usr/lib/gcc/avr/4.9.2/../../../avr/lib/avr4/libm.a(fp_round.o)
 .text          0x0000000000000046        0x0 /usr/lib/gcc/avr/4.9.2/../../../avr/lib/avr4/libm.a(fp_split3.o)
 .text          0x0000000000000046        0x0 /usr/lib/gcc/avr/4.9.2/../../../avr/lib/avr4/libm.a(fp_zero.o)
 .text          0x0000000000000046        0x0 /usr/lib/gcc/avr/4.9.2/../../../avr/lib/avr4/libm.a(gesf2.o)
 .text          0x0000000000000046        0x0 /usr/lib/gcc/avr/4.9.2/../../../avr/lib/avr4/libm.a(mulsf3.o)
 .text          0x0000000000000046        0x0 /usr/lib/gcc/avr/4.9.2/../../../avr/lib/avr4/libm.a(mulsf3x.o)
                0x0000000000000046                . = ALIGN (0x2)
 *(.text.*)
 .text.main     0x0000000000000046       0x12 ./src/main.o
                0x0000000000000046                main
 .text.nRF2401_init
                0x0000000000000058       0x34 ./src/nRF24L01.o
                0x0000000000000058                nRF2401_init
 .text.nRF_2401_transfer
                0x000000000000008c      0x216 ./src/nRF24L01.o
                0x000000000000008c                nRF_2401_transfer
 .text.nRF_2401_reg_write_m
                0x00000000000002a2      0x47e ./src/nRF24L01.o
                0x00000000000002a2                nRF_2401_reg_write_m
 .text.nRF_2401_reg_write_s
                0x0000000000000720      0x21a ./src/nRF24L01.o
                0x0000000000000720                nRF_2401_reg_write_s
 .text.nRF_2401_reg_read
                0x000000000000093a      0x21a ./src/nRF24L01.o
                0x000000000000093a                nRF_2401_reg_read
 .text.spi_init
                0x0000000000000b54       0x32 ./src/spi.o
                0x0000000000000b54                spi_init
 .text.spi_transfer
                0x0000000000000b86       0x42 ./src/spi.o
                0x0000000000000b86                spi_transfer
 .text.UARTInit
                0x0000000000000bc8       0x34 ./src/uart.o
                0x0000000000000bc8                UARTInit
 .text.UARTReceive
                0x0000000000000bfc       0x24 ./src/uart.o
                0x0000000000000bfc                UARTReceive
 .text.UARTSendByte
                0x0000000000000c20       0x34 ./src/uart.o
                0x0000000000000c20                UARTSendByte
 .text.UARTSendString
                0x0000000000000c54       0x3a ./src/uart.o
                0x0000000000000c54                UARTSendString
 .text.libgcc.mul
                0x0000000000000c8e        0x0 /usr/lib/gcc/avr/4.9.2/avr4/libgcc.a(_exit.o)
 .text.libgcc.div
                0x0000000000000c8e        0x0 /usr/lib/gcc/avr/4.9.2/avr4/libgcc.a(_exit.o)
 .text.libgcc   0x0000000000000c8e        0x0 /usr/lib/gcc/avr/4.9.2/avr4/libgcc.a(_exit.o)
 .text.libgcc.prologue
                0x0000000000000c8e        0x0 /usr/lib/gcc/avr/4.9.2/avr4/libgcc.a(_exit.o)
 .text.libgcc.builtins
                0x0000000000000c8e        0x0 /usr/lib/gcc/avr/4.9.2/avr4/libgcc.a(_exit.o)
 .text.libgcc.fmul
                0x0000000000000c8e        0x0 /usr/lib/gcc/avr/4.9.2/avr4/libgcc.a(_exit.o)
 .text.libgcc.fixed
                0x0000000000000c8e        0x0 /usr/lib/gcc/avr/4.9.2/avr4/libgcc.a(_exit.o)
 .text.avr-libc.fplib
                0x0000000000000c8e        0xa /usr/lib/gcc/avr/4.9.2/../../../avr/lib/avr4/libm.a(addsf3.o)
                0x0000000000000c8e                __subsf3
                0x0000000000000c90                __addsf3
 .text.avr-libc.fplib
                0x0000000000000c98       0xc0 /usr/lib/gcc/avr/4.9.2/../../../avr/lib/avr4/libm.a(addsf3x.o)
                0x0000000000000cb2                __addsf3x
 .text.avr-libc.fplib
                0x0000000000000d58        0x8 /usr/lib/gcc/avr/4.9.2/../../../avr/lib/avr4/libm.a(cmpsf2.o)
                0x0000000000000d58                __lesf2
                0x0000000000000d58                __nesf2
                0x0000000000000d58                __eqsf2
                0x0000000000000d58                __cmpsf2
                0x0000000000000d58                __ltsf2
 .text.avr-libc.fplib
                0x0000000000000d60        0x4 /usr/lib/gcc/avr/4.9.2/../../../avr/lib/avr4/libm.a(divsf3.o)
                0x0000000000000d60                __divsf3
 .text.avr-libc.fplib
                0x0000000000000d64       0xcc /usr/lib/gcc/avr/4.9.2/../../../avr/lib/avr4/libm.a(divsf3x.o)
                0x0000000000000d7a                __divsf3x
                0x0000000000000d7e                __divsf3_pse
 .text.avr-libc.fplib
                0x0000000000000e30       0x58 /usr/lib/gcc/avr/4.9.2/../../../avr/lib/avr4/libm.a(fixunssfsi.o)
                0x0000000000000e30                __fixunssfsi
 .text.avr-libc.fplib
                0x0000000000000e88       0x48 /usr/lib/gcc/avr/4.9.2/../../../avr/lib/avr4/libm.a(fp_cmp.o)
                0x0000000000000e88                __fp_cmp
 .text.avr-libc.fplib
                0x0000000000000ed0        0xc /usr/lib/gcc/avr/4.9.2/../../../avr/lib/avr4/libm.a(fp_inf.o)
                0x0000000000000ed0                __fp_inf
 .text.avr-libc.fplib
                0x0000000000000edc        0x6 /usr/lib/gcc/avr/4.9.2/../../../avr/lib/avr4/libm.a(fp_nan.o)
                0x0000000000000edc                __fp_nan
 .text.avr-libc.fplib
                0x0000000000000ee2        0xe /usr/lib/gcc/avr/4.9.2/../../../avr/lib/avr4/libm.a(fp_pscA.o)
                0x0000000000000ee2                __fp_pscA
 .text.avr-libc.fplib
                0x0000000000000ef0        0xe /usr/lib/gcc/avr/4.9.2/../../../avr/lib/avr4/libm.a(fp_pscB.o)
                0x0000000000000ef0                __fp_pscB
 .text.avr-libc.fplib
                0x0000000000000efe       0x22 /usr/lib/gcc/avr/4.9.2/../../../avr/lib/avr4/libm.a(fp_round.o)
                0x0000000000000efe                __fp_round
 .text.avr-libc.fplib
                0x0000000000000f20       0x44 /usr/lib/gcc/avr/4.9.2/../../../avr/lib/avr4/libm.a(fp_split3.o)
                0x0000000000000f20                __fp_split3
                0x0000000000000f30                __fp_splitA
 .text.avr-libc.fplib
                0x0000000000000f64        0xe /usr/lib/gcc/avr/4.9.2/../../../avr/lib/avr4/libm.a(fp_zero.o)
                0x0000000000000f64                __fp_zero
                0x0000000000000f66                __fp_szero
 .text.avr-libc.fplib
                0x0000000000000f72        0x8 /usr/lib/gcc/avr/4.9.2/../../../avr/lib/avr4/libm.a(gesf2.o)
                0x0000000000000f72                __gtsf2
                0x0000000000000f72                __gesf2
 .text.avr-libc.fplib
                0x0000000000000f7a        0x4 /usr/lib/gcc/avr/4.9.2/../../../avr/lib/avr4/libm.a(mulsf3.o)
                0x0000000000000f7a                __mulsf3
 .text.avr-libc.fplib
                0x0000000000000f7e       0xc2 /usr/lib/gcc/avr/4.9.2/../../../avr/lib/avr4/libm.a(mulsf3x.o)
                0x0000000000000f92                __mulsf3x
                0x0000000000000f96                __mulsf3_pse
                0x0000000000001040                . = ALIGN (0x2)
 *(.fini9)
 .fini9         0x0000000000001040        0x0 /usr/lib/gcc/avr/4.9.2/avr4/libgcc.a(_exit.o)
                0x0000000000001040                exit
                0x0000000000001040                _exit
 *(.fini9)
 *(.fini8)
 *(.fini8)
 *(.fini7)
 *(.fini7)
 *(.fini6)
 *(.fini6)
 *(.fini5)
 *(.fini5)
 *(.fini4)
 *(.fini4)
 *(.fini3)
 *(.fini3)
 *(.fini2)
 *(.fini2)
 *(.fini1)
 *(.fini1)
 *(.fini0)
 .fini0         0x0000000000001040        0x4 /usr/lib/gcc/avr/4.9.2/avr4/libgcc.a(_exit.o)
 *(.fini0)
                0x0000000000001044                _etext = .

.data           0x0000000000800100        0x0 load address 0x0000000000001044
                0x0000000000800100                PROVIDE (__data_start, .)
 *(.data)
 .data          0x0000000000800100        0x0 /usr/lib/gcc/avr/4.9.2/../../../avr/lib/avr4/crtatmega88pa.o
 .data          0x0000000000800100        0x0 ./src/main.o
 .data          0x0000000000800100        0x0 ./src/nRF24L01.o
 .data          0x0000000000800100        0x0 ./src/spi.o
 .data          0x0000000000800100        0x0 ./src/uart.o
 .data          0x0000000000800100        0x0 /usr/lib/gcc/avr/4.9.2/avr4/libgcc.a(_exit.o)
 .data          0x0000000000800100        0x0 /usr/lib/gcc/avr/4.9.2/../../../avr/lib/avr4/libm.a(addsf3.o)
 .data          0x0000000000800100        0x0 /usr/lib/gcc/avr/4.9.2/../../../avr/lib/avr4/libm.a(addsf3x.o)
 .data          0x0000000000800100        0x0 /usr/lib/gcc/avr/4.9.2/../../../avr/lib/avr4/libm.a(cmpsf2.o)
 .data          0x0000000000800100        0x0 /usr/lib/gcc/avr/4.9.2/../../../avr/lib/avr4/libm.a(divsf3.o)
 .data          0x0000000000800100        0x0 /usr/lib/gcc/avr/4.9.2/../../../avr/lib/avr4/libm.a(divsf3x.o)
 .data          0x0000000000800100        0x0 /usr/lib/gcc/avr/4.9.2/../../../avr/lib/avr4/libm.a(fixunssfsi.o)
 .data          0x0000000000800100        0x0 /usr/lib/gcc/avr/4.9.2/../../../avr/lib/avr4/libm.a(fp_cmp.o)
 .data          0x0000000000800100        0x0 /usr/lib/gcc/avr/4.9.2/../../../avr/lib/avr4/libm.a(fp_inf.o)
 .data          0x0000000000800100        0x0 /usr/lib/gcc/avr/4.9.2/../../../avr/lib/avr4/libm.a(fp_nan.o)
 .data          0x0000000000800100        0x0 /usr/lib/gcc/avr/4.9.2/../../../avr/lib/avr4/libm.a(fp_pscA.o)
 .data          0x0000000000800100        0x0 /usr/lib/gcc/avr/4.9.2/../../../avr/lib/avr4/libm.a(fp_pscB.o)
 .data          0x0000000000800100        0x0 /usr/lib/gcc/avr/4.9.2/../../../avr/lib/avr4/libm.a(fp_round.o)
 .data          0x0000000000800100        0x0 /usr/lib/gcc/avr/4.9.2/../../../avr/lib/avr4/libm.a(fp_split3.o)
 .data          0x0000000000800100        0x0 /usr/lib/gcc/avr/4.9.2/../../../avr/lib/avr4/libm.a(fp_zero.o)
 .data          0x0000000000800100        0x0 /usr/lib/gcc/avr/4.9.2/../../../avr/lib/avr4/libm.a(gesf2.o)
 .data          0x0000000000800100        0x0 /usr/lib/gcc/avr/4.9.2/../../../avr/lib/avr4/libm.a(mulsf3.o)
 .data          0x0000000000800100        0x0 /usr/lib/gcc/avr/4.9.2/../../../avr/lib/avr4/libm.a(mulsf3x.o)
 *(.data*)
 *(.rodata)
 *(.rodata*)
 *(.gnu.linkonce.d*)
                0x0000000000800100                . = ALIGN (0x2)
                0x0000000000800100                _edata = .
                0x0000000000800100                PROVIDE (__data_end, .)

.bss            0x0000000000800100        0x0
                0x0000000000800100                PROVIDE (__bss_start, .)
 *(.bss)
 .bss           0x0000000000800100        0x0 /usr/lib/gcc/avr/4.9.2/../../../avr/lib/avr4/crtatmega88pa.o
 .bss           0x0000000000800100        0x0 ./src/main.o
 .bss           0x0000000000800100        0x0 ./src/nRF24L01.o
 .bss           0x0000000000800100        0x0 ./src/spi.o
 .bss           0x0000000000800100        0x0 ./src/uart.o
 .bss           0x0000000000800100        0x0 /usr/lib/gcc/avr/4.9.2/avr4/libgcc.a(_exit.o)
 .bss           0x0000000000800100        0x0 /usr/lib/gcc/avr/4.9.2/../../../avr/lib/avr4/libm.a(addsf3.o)
 .bss           0x0000000000800100        0x0 /usr/lib/gcc/avr/4.9.2/../../../avr/lib/avr4/libm.a(addsf3x.o)
 .bss           0x0000000000800100        0x0 /usr/lib/gcc/avr/4.9.2/../../../avr/lib/avr4/libm.a(cmpsf2.o)
 .bss           0x0000000000800100        0x0 /usr/lib/gcc/avr/4.9.2/../../../avr/lib/avr4/libm.a(divsf3.o)
 .bss           0x0000000000800100        0x0 /usr/lib/gcc/avr/4.9.2/../../../avr/lib/avr4/libm.a(divsf3x.o)
 .bss           0x0000000000800100        0x0 /usr/lib/gcc/avr/4.9.2/../../../avr/lib/avr4/libm.a(fixunssfsi.o)
 .bss           0x0000000000800100        0x0 /usr/lib/gcc/avr/4.9.2/../../../avr/lib/avr4/libm.a(fp_cmp.o)
 .bss           0x0000000000800100        0x0 /usr/lib/gcc/avr/4.9.2/../../../avr/lib/avr4/libm.a(fp_inf.o)
 .bss           0x0000000000800100        0x0 /usr/lib/gcc/avr/4.9.2/../../../avr/lib/avr4/libm.a(fp_nan.o)
 .bss           0x0000000000800100        0x0 /usr/lib/gcc/avr/4.9.2/../../../avr/lib/avr4/libm.a(fp_pscA.o)
 .bss           0x0000000000800100        0x0 /usr/lib/gcc/avr/4.9.2/../../../avr/lib/avr4/libm.a(fp_pscB.o)
 .bss           0x0000000000800100        0x0 /usr/lib/gcc/avr/4.9.2/../../../avr/lib/avr4/libm.a(fp_round.o)
 .bss           0x0000000000800100        0x0 /usr/lib/gcc/avr/4.9.2/../../../avr/lib/avr4/libm.a(fp_split3.o)
 .bss           0x0000000000800100        0x0 /usr/lib/gcc/avr/4.9.2/../../../avr/lib/avr4/libm.a(fp_zero.o)
 .bss           0x0000000000800100        0x0 /usr/lib/gcc/avr/4.9.2/../../../avr/lib/avr4/libm.a(gesf2.o)
 .bss           0x0000000000800100        0x0 /usr/lib/gcc/avr/4.9.2/../../../avr/lib/avr4/libm.a(mulsf3.o)
 .bss           0x0000000000800100        0x0 /usr/lib/gcc/avr/4.9.2/../../../avr/lib/avr4/libm.a(mulsf3x.o)
 *(.bss*)
 *(COMMON)
                0x0000000000800100                PROVIDE (__bss_end, .)
                0x0000000000001044                __data_load_start = LOADADDR (.data)
                0x0000000000001044                __data_load_end = (__data_load_start + SIZEOF (.data))

.noinit         0x0000000000800100        0x0
                0x0000000000800100                PROVIDE (__noinit_start, .)
 *(.noinit*)
                0x0000000000800100                PROVIDE (__noinit_end, .)
                0x0000000000800100                _end = .
                0x0000000000800100                PROVIDE (__heap_start, .)

.eeprom         0x0000000000810000        0x0
 *(.eeprom*)
                0x0000000000810000                __eeprom_end = .

.fuse
 *(.fuse)
 *(.lfuse)
 *(.hfuse)
 *(.efuse)

.lock
 *(.lock*)

.signature
 *(.signature*)

.user_signatures
 *(.user_signatures*)

.stab           0x0000000000000000     0x1890
 *(.stab)
 .stab          0x0000000000000000      0x4c8 ./src/main.o
 .stab          0x00000000000004c8      0xc3c ./src/nRF24L01.o
                                        0xe10 (size before relaxing)
 .stab          0x0000000000001104      0x378 ./src/spi.o
                                        0x54c (size before relaxing)
 .stab          0x000000000000147c      0x414 ./src/uart.o
                                        0x5e8 (size before relaxing)

.stabstr        0x0000000000000000      0xdb8
 *(.stabstr)
 .stabstr       0x0000000000000000      0xdb8 ./src/main.o

.stab.excl
 *(.stab.excl)

.stab.exclstr
 *(.stab.exclstr)

.stab.index
 *(.stab.index)

.stab.indexstr
 *(.stab.indexstr)

.comment        0x0000000000000000       0x11
 *(.comment)
 .comment       0x0000000000000000       0x11 ./src/main.o
                                         0x12 (size before relaxing)
 .comment       0x0000000000000011       0x12 ./src/nRF24L01.o
 .comment       0x0000000000000011       0x12 ./src/spi.o
 .comment       0x0000000000000011       0x12 ./src/uart.o

.note.gnu.avr.deviceinfo
                0x0000000000000000       0x40
 .note.gnu.avr.deviceinfo
                0x0000000000000000       0x40 /usr/lib/gcc/avr/4.9.2/../../../avr/lib/avr4/crtatmega88pa.o

.note.gnu.build-id
 *(.note.gnu.build-id)

.debug
 *(.debug)

.line
 *(.line)

.debug_srcinfo
 *(.debug_srcinfo)

.debug_sfnames
 *(.debug_sfnames)

.debug_aranges
 *(.debug_aranges)

.debug_pubnames
 *(.debug_pubnames)

.debug_info
 *(.debug_info .gnu.linkonce.wi.*)

.debug_abbrev
 *(.debug_abbrev)

.debug_line
 *(.debug_line .debug_line.* .debug_line_end)

.debug_frame
 *(.debug_frame)

.debug_str
 *(.debug_str)

.debug_loc
 *(.debug_loc)

.debug_macinfo
 *(.debug_macinfo)

.debug_weaknames
 *(.debug_weaknames)

.debug_funcnames
 *(.debug_funcnames)

.debug_typenames
 *(.debug_typenames)

.debug_varnames
 *(.debug_varnames)

.debug_pubtypes
 *(.debug_pubtypes)

.debug_ranges
 *(.debug_ranges)

.debug_macro
 *(.debug_macro)
OUTPUT(nRF24L01.elf elf32-avr)
LOAD linker stubs
